these 5 derivations will be built:
  /nix/store/fc088q76x4myavfc7rk33d6zg9xkxzif-logos-blockchain_ui-module-lib-0.2.0.drv
  /nix/store/aa4zkf4ix8rgjw9h5xb798zcfzsjfl9h-logos-blockchain_ui-module.drv
  /nix/store/b3rjzk3q6y23i0s9rl7ijaz4hm2fcml4-closure-info.drv
  /nix/store/2kchgsz00ilwf7qdmkgrsa4nnksxgb17-logos-blockchain_ui-module-bundle-0.2.0.drv
  /nix/store/77ns9nijam4782zvyrjvhknf8sfa1sqn-logos-blockchain_ui-module-lgx-0.2.0.drv
building '/nix/store/fc088q76x4myavfc7rk33d6zg9xkxzif-logos-blockchain_ui-module-lib-0.2.0.drv'...
logos-blockchain_ui-module-lib> Running phase: qtPreHook
logos-blockchain_ui-module-lib> Running phase: unpackPhase
logos-blockchain_ui-module-lib> unpacking source archive /nix/store/zkzkz4i9rcs1hzx6581584wbypp25a95-3fw4mxmjxbk48b05hndsccgykfc54dcl-source
logos-blockchain_ui-module-lib> source root is 3fw4mxmjxbk48b05hndsccgykfc54dcl-source
logos-blockchain_ui-module-lib> Running phase: patchPhase
logos-blockchain_ui-module-lib> Running phase: updateAutotoolsGnuConfigScriptsPhase
logos-blockchain_ui-module-lib> Running phase: configurePhase
logos-blockchain_ui-module-lib> Running logos-cpp-generator (api-style=qt)...
logos-blockchain_ui-module-lib> Generating deps from LIDL: blockchain_module
logos-blockchain_ui-module-lib> Detected locale "C" with character encoding "ANSI_X3.4-1968", which is not UTF-8.
logos-blockchain_ui-module-lib> Qt depends on a UTF-8 locale, and has switched to "C.UTF-8" instead.
logos-blockchain_ui-module-lib> If this causes problems, reconfigure your locale. See the locale(1) manual
logos-blockchain_ui-module-lib> for more information.
logos-blockchain_ui-module-lib> Generated dependency wrapper: blockchain_module_api.h (class BlockchainModule, 24 methods, 1 events)
logos-blockchain_ui-module-lib> Generated logos_sdk.h and logos_sdk.cpp
logos-blockchain_ui-module-lib> Checking generated files in generated_code:
logos-blockchain_ui-module-lib> total 56
logos-blockchain_ui-module-lib> drwxr-xr-x 2 nixbld nixbld  4096 Jul 31 12:20 .
logos-blockchain_ui-module-lib> drwxr-xr-x 5 nixbld nixbld  4096 Jul 31 12:20 ..
logos-blockchain_ui-module-lib> -rw-r--r-- 1 nixbld nixbld 26499 Jul 31 12:20 blockchain_module_api.cpp
logos-blockchain_ui-module-lib> -rw-r--r-- 1 nixbld nixbld  9336 Jul 31 12:20 blockchain_module_api.h
logos-blockchain_ui-module-lib> -rw-r--r-- 1 nixbld nixbld    62 Jul 31 12:20 logos_sdk.cpp
logos-blockchain_ui-module-lib> -rw-r--r-- 1 nixbld nixbld   275 Jul 31 12:20 logos_sdk.h
logos-blockchain_ui-module-lib> Creating include directory and moving generated files...
logos-blockchain_ui-module-lib> Generated include directory:
logos-blockchain_ui-module-lib> total 56
logos-blockchain_ui-module-lib> drwxr-xr-x 2 nixbld nixbld  4096 Jul 31 12:20 .
logos-blockchain_ui-module-lib> drwxr-xr-x 3 nixbld nixbld  4096 Jul 31 12:20 ..
logos-blockchain_ui-module-lib> -rw-r--r-- 1 nixbld nixbld 26499 Jul 31 12:20 blockchain_module_api.cpp
logos-blockchain_ui-module-lib> -rw-r--r-- 1 nixbld nixbld  9336 Jul 31 12:20 blockchain_module_api.h
logos-blockchain_ui-module-lib> -rw-r--r-- 1 nixbld nixbld    62 Jul 31 12:20 logos_sdk.cpp
logos-blockchain_ui-module-lib> -rw-r--r-- 1 nixbld nixbld   275 Jul 31 12:20 logos_sdk.h
logos-blockchain_ui-module-lib> Stamped logos_protocol_version=0.1.0 into metadata.json
logos-blockchain_ui-module-lib> fixing cmake files...
logos-blockchain_ui-module-lib> cmake flags: -GNinja -DCMAKE_FIND_USE_SYSTEM_PACKAGE_REGISTRY=OFF -DCMAKE_FIND_USE_PACKAGE_REGISTRY=OFF -DCMAKE_EXPORT_NO_PACKAGE_REGISTRY=ON -DCMAKE_BUILD_TYPE=Release -DBUILD_TESTING=OFF -DCMAKE_INSTALL_LOCALEDIR=/nix/store/swx4k38rlx1mp9p50ppwkzixbbf5kxbx-logos-blockchain_ui-module-lib-0.2.0/share/locale -DCMAKE_INSTALL_LIBEXECDIR=/nix/store/swx4k38rlx1mp9p50ppwkzixbbf5kxbx-logos-blockchain_ui-module-lib-0.2.0/libexec -DCMAKE_INSTALL_LIBDIR=/nix/store/swx4k38rlx1mp9p50ppwkzixbbf5kxbx-logos-blockchain_ui-module-lib-0.2.0/lib -DCMAKE_INSTALL_DOCDIR=/nix/store/swx4k38rlx1mp9p50ppwkzixbbf5kxbx-logos-blockchain_ui-module-lib-0.2.0/share/doc/BlockchainUiPlugin -DCMAKE_INSTALL_INFODIR=/nix/store/swx4k38rlx1mp9p50ppwkzixbbf5kxbx-logos-blockchain_ui-module-lib-0.2.0/share/info -DCMAKE_INSTALL_MANDIR=/nix/store/swx4k38rlx1mp9p50ppwkzixbbf5kxbx-logos-blockchain_ui-module-lib-0.2.0/share/man -DCMAKE_INSTALL_INCLUDEDIR=/nix/store/swx4k38rlx1mp9p50ppwkzixbbf5kxbx-logos-blockchain_ui-module-lib-0.2.0/include -DCMAKE_INSTALL_SBINDIR=/nix/store/swx4k38rlx1mp9p50ppwkzixbbf5kxbx-logos-blockchain_ui-module-lib-0.2.0/sbin -DCMAKE_INSTALL_BINDIR=/nix/store/swx4k38rlx1mp9p50ppwkzixbbf5kxbx-logos-blockchain_ui-module-lib-0.2.0/bin -DCMAKE_INSTALL_NAME_DIR=/nix/store/swx4k38rlx1mp9p50ppwkzixbbf5kxbx-logos-blockchain_ui-module-lib-0.2.0/lib -DCMAKE_POLICY_DEFAULT_CMP0025=NEW -DCMAKE_FIND_FRAMEWORK=LAST -DCMAKE_STRIP=/nix/store/95k9rsn1zsw1yvir8mj824ldhf90i4qw-gcc-wrapper-14.3.0/bin/strip -DCMAKE_RANLIB=/nix/store/95k9rsn1zsw1yvir8mj824ldhf90i4qw-gcc-wrapper-14.3.0/bin/ranlib -DCMAKE_AR=/nix/store/95k9rsn1zsw1yvir8mj824ldhf90i4qw-gcc-wrapper-14.3.0/bin/ar -DCMAKE_C_COMPILER=gcc -DCMAKE_CXX_COMPILER=g++ -DCMAKE_INSTALL_PREFIX=/nix/store/swx4k38rlx1mp9p50ppwkzixbbf5kxbx-logos-blockchain_ui-module-lib-0.2.0 -GNinja -DLOGOS_MODULE_ROOT=/nix/store/75m1459mrx3fkgkwbr7v1dhmc90bkicg-logos-module-0.1.0 -DLOGOS_CPP_SDK_ROOT=/nix/store/w74nnwwbrwjh7c8krxnv5lbz1mj7bw8x-logos-cpp-sdk -DLOGOS_QT_SDK_ROOT=/nix/store/65wc0ywk5cac81csm2p59i4vbiqvmgan-logos-qt-sdk -DLOGOS_PROTOCOL_ROOT=/nix/store/83m0lp1a521akxqqim7cy28f20v6k32m-logos-protocol
logos-blockchain_ui-module-lib> -- The CXX compiler identification is GNU 14.3.0
logos-blockchain_ui-module-lib> -- Detecting CXX compiler ABI info
logos-blockchain_ui-module-lib> -- Detecting CXX compiler ABI info - done
logos-blockchain_ui-module-lib> -- Check for working CXX compiler: /nix/store/95k9rsn1zsw1yvir8mj824ldhf90i4qw-gcc-wrapper-14.3.0/bin/g++ - skipped
logos-blockchain_ui-module-lib> -- Detecting CXX compile features
logos-blockchain_ui-module-lib> -- Detecting CXX compile features - done
logos-blockchain_ui-module-lib> -- Found logos-module at: /nix/store/75m1459mrx3fkgkwbr7v1dhmc90bkicg-logos-module-0.1.0
logos-blockchain_ui-module-lib> -- Found logos-cpp-sdk at: /nix/store/w74nnwwbrwjh7c8krxnv5lbz1mj7bw8x-logos-cpp-sdk
logos-blockchain_ui-module-lib> -- Found logos-qt-sdk at: /nix/store/65wc0ywk5cac81csm2p59i4vbiqvmgan-logos-qt-sdk
logos-blockchain_ui-module-lib> -- Found logos-protocol at: /nix/store/83m0lp1a521akxqqim7cy28f20v6k32m-logos-protocol
logos-blockchain_ui-module-lib> -- Performing Test CMAKE_HAVE_LIBC_PTHREAD
logos-blockchain_ui-module-lib> -- Performing Test CMAKE_HAVE_LIBC_PTHREAD - Success
logos-blockchain_ui-module-lib> -- Found Threads: TRUE
logos-blockchain_ui-module-lib> -- Performing Test HAVE_STDATOMIC
logos-blockchain_ui-module-lib> -- Performing Test HAVE_STDATOMIC - Success
logos-blockchain_ui-module-lib> -- Found WrapAtomic: TRUE
logos-blockchain_ui-module-lib> -- Found OpenGL: /nix/store/pgxicv9xgn7y4wlamnlwzh2frlcfi2f5-libglvnd-1.7.0/lib/libOpenGL.so
logos-blockchain_ui-module-lib> -- Found WrapOpenGL: TRUE
logos-blockchain_ui-module-lib> -- Found WrapVulkanHeaders: /nix/store/kqr3scfsa4gcizp8c5852x8dq1b2mbd6-vulkan-headers-1.4.321.0/include
logos-blockchain_ui-module-lib> CMake Warning (dev) at /nix/store/a94d5zmalqava26y3hqsnj5l11l5kl5y-cmake-3.31.7/share/cmake-3.31/Modules/CMakeFindDependencyMacro.cmake:76 (find_package):
logos-blockchain_ui-module-lib>   Policy CMP0167 is not set: The FindBoost module is removed.  Run "cmake
logos-blockchain_ui-module-lib>   --help-policy CMP0167" for policy details.  Use the cmake_policy command to
logos-blockchain_ui-module-lib>   set the policy and suppress this warning.
logos-blockchain_ui-module-lib> 
logos-blockchain_ui-module-lib> Call Stack (most recent call first):
logos-blockchain_ui-module-lib>   /nix/store/83m0lp1a521akxqqim7cy28f20v6k32m-logos-protocol/lib/cmake/logos-protocol/logos-protocolConfig.cmake:41 (find_dependency)
logos-blockchain_ui-module-lib>   /nix/store/dmfjayrbsrnn1yl4z5kfpr5v5365kwsi-047mqpzfybznsq3cfjp1qpa35iajl9yj-source/cmake/LogosModule.cmake:459 (find_package)
logos-blockchain_ui-module-lib>   CMakeLists.txt:10 (logos_module)
logos-blockchain_ui-module-lib> This warning is for project developers.  Use -Wno-dev to suppress it.
logos-blockchain_ui-module-lib> 
logos-blockchain_ui-module-lib> -- Found Boost: /nix/store/20cck0r5dvh21c4w7wy8j3f7cc6wb5k2-boost-1.87.0-dev/lib/cmake/Boost-1.87.0/BoostConfig.cmake (found version "1.87.0") found components: system
logos-blockchain_ui-module-lib> -- Found OpenSSL: /nix/store/gi615r79j260ihhzdkhrg6qva9wfrbyy-openssl-3.5.1/lib/libcrypto.so (found version "3.5.1")
logos-blockchain_ui-module-lib> -- Found nlohmann_json: /nix/store/r82wggrhgs0v2kkp0f2g9jplc4mfh2gq-nlohmann_json-3.11.3/share/cmake/nlohmann_json/nlohmann_jsonConfig.cmake (found version "3.11.3")
logos-blockchain_ui-module-lib> -- Logos module blockchain_ui: replica factory plugin from src/BlockchainBackend.rep (class BlockchainBackend, QML Logos.BlockchainBackend.BlockchainBackend)
logos-blockchain_ui-module-lib> -- Logos module blockchain_ui configured successfully
logos-blockchain_ui-module-lib> -- Configuring done (1.8s)
logos-blockchain_ui-module-lib> -- Generating done (0.0s)
logos-blockchain_ui-module-lib> CMake Warning:
logos-blockchain_ui-module-lib>   Manually-specified variables were not used by the project:
logos-blockchain_ui-module-lib> 
logos-blockchain_ui-module-lib>     BUILD_TESTING
logos-blockchain_ui-module-lib>     CMAKE_C_COMPILER
logos-blockchain_ui-module-lib>     CMAKE_EXPORT_NO_PACKAGE_REGISTRY
logos-blockchain_ui-module-lib>     CMAKE_POLICY_DEFAULT_CMP0025
logos-blockchain_ui-module-lib> 
logos-blockchain_ui-module-lib> 
logos-blockchain_ui-module-lib> -- Build files have been written to: /build/3fw4mxmjxbk48b05hndsccgykfc54dcl-source/build
logos-blockchain_ui-module-lib> cmake: enabled parallel building
logos-blockchain_ui-module-lib> cmake: enabled parallel installing
logos-blockchain_ui-module-lib> Running phase: buildPhase
logos-blockchain_ui-module-lib> build flags: -j16
logos-blockchain_ui-module-lib> [1/19] Automatic MOC for target blockchain_ui_replica_factory
logos-blockchain_ui-module-lib> [2/19] Automatic MOC for target blockchain_ui_module_plugin
logos-blockchain_ui-module-lib> [3/19] Generating rep_BlockchainBackend_replica.h
logos-blockchain_ui-module-lib> [4/19] Generating rep_BlockchainBackend_source.h
logos-blockchain_ui-module-lib> [5/19] Generating moc_rep_BlockchainBackend_replica.cpp
logos-blockchain_ui-module-lib> [6/19] Generating moc_rep_BlockchainBackend_source.cpp
logos-blockchain_ui-module-lib> [7/19] Building CXX object CMakeFiles/blockchain_ui_replica_factory.dir/blockchain_ui_replica_factory_autogen/mocs_compilation.cpp.o
logos-blockchain_ui-module-lib> [8/19] Building CXX object CMakeFiles/blockchain_ui_module_plugin.dir/src/BlockchainPlugin.cpp.o
logos-blockchain_ui-module-lib> [9/19] Building CXX object CMakeFiles/blockchain_ui_replica_factory.dir/replica_factory_blockchain_ui/LogosViewReplicaFactory.cpp.o
logos-blockchain_ui-module-lib> [10/19] Building CXX object CMakeFiles/blockchain_ui_module_plugin.dir/moc_rep_BlockchainBackend_source.cpp.o
logos-blockchain_ui-module-lib> [11/19] Building CXX object CMakeFiles/blockchain_ui_module_plugin.dir/view_plugin_base_blockchain_ui/LogosViewPluginBase.cpp.o
logos-blockchain_ui-module-lib> [12/19] Building CXX object CMakeFiles/blockchain_ui_module_plugin.dir/src/AccountsModel.cpp.o
logos-blockchain_ui-module-lib> [13/19] Building CXX object CMakeFiles/blockchain_ui_replica_factory.dir/moc_rep_BlockchainBackend_replica.cpp.o
logos-blockchain_ui-module-lib> [14/19] Building CXX object CMakeFiles/blockchain_ui_module_plugin.dir/blockchain_ui_module_plugin_autogen/mocs_compilation.cpp.o
logos-blockchain_ui-module-lib> [15/19] Linking CXX shared library modules/blockchain_ui_replica_factory.so
logos-blockchain_ui-module-lib> [16/19] Building CXX object CMakeFiles/blockchain_ui_module_plugin.dir/src/BlockModel.cpp.o
logos-blockchain_ui-module-lib> [17/19] Building CXX object CMakeFiles/blockchain_ui_module_plugin.dir/generated_code/logos_sdk.cpp.o
logos-blockchain_ui-module-lib> [18/19] Building CXX object CMakeFiles/blockchain_ui_module_plugin.dir/src/BlockchainBackend.cpp.o
logos-blockchain_ui-module-lib> [19/19] Linking CXX shared library modules/blockchain_ui_plugin.so
logos-blockchain_ui-module-lib> Running phase: glibPreInstallPhase
logos-blockchain_ui-module-lib> Running phase: installPhase
logos-blockchain_ui-module-lib> Copying replica factory plugin: blockchain_ui_replica_factory.so
logos-blockchain_ui-module-lib> Running phase: qtOwnPathsHook
logos-blockchain_ui-module-lib> Running phase: fixupPhase
logos-blockchain_ui-module-lib> wrapping Qt applications in /nix/store/swx4k38rlx1mp9p50ppwkzixbbf5kxbx-logos-blockchain_ui-module-lib-0.2.0/bin /nix/store/swx4k38rlx1mp9p50ppwkzixbbf5kxbx-logos-blockchain_ui-module-lib-0.2.0/sbin /nix/store/swx4k38rlx1mp9p50ppwkzixbbf5kxbx-logos-blockchain_ui-module-lib-0.2.0/libexec /nix/store/swx4k38rlx1mp9p50ppwkzixbbf5kxbx-logos-blockchain_ui-module-lib-0.2.0/Applications
logos-blockchain_ui-module-lib> shrinking RPATHs of ELF executables and libraries in /nix/store/swx4k38rlx1mp9p50ppwkzixbbf5kxbx-logos-blockchain_ui-module-lib-0.2.0
logos-blockchain_ui-module-lib> shrinking /nix/store/swx4k38rlx1mp9p50ppwkzixbbf5kxbx-logos-blockchain_ui-module-lib-0.2.0/lib/blockchain_ui_replica_factory.so
logos-blockchain_ui-module-lib> shrinking /nix/store/swx4k38rlx1mp9p50ppwkzixbbf5kxbx-logos-blockchain_ui-module-lib-0.2.0/lib/blockchain_ui_plugin.so
logos-blockchain_ui-module-lib> checking for references to /build/ in /nix/store/swx4k38rlx1mp9p50ppwkzixbbf5kxbx-logos-blockchain_ui-module-lib-0.2.0...
logos-blockchain_ui-module-lib> patching script interpreter paths in /nix/store/swx4k38rlx1mp9p50ppwkzixbbf5kxbx-logos-blockchain_ui-module-lib-0.2.0
logos-blockchain_ui-module-lib> Running phase: postPatchMkspecs
building '/nix/store/aa4zkf4ix8rgjw9h5xb798zcfzsjfl9h-logos-blockchain_ui-module.drv'...
logos-blockchain_ui-module> Copied QML view directory from src/qml
building '/nix/store/b3rjzk3q6y23i0s9rl7ijaz4hm2fcml4-closure-info.drv'...
closure-info> structuredAttrs is enabled
building '/nix/store/2kchgsz00ilwf7qdmkgrsa4nnksxgb17-logos-blockchain_ui-module-bundle-0.2.0.drv'...
logos-blockchain_ui-module-bundle> Running phase: patchPhase
logos-blockchain_ui-module-bundle> Running phase: updateAutotoolsGnuConfigScriptsPhase
logos-blockchain_ui-module-bundle> Running phase: configurePhase
logos-blockchain_ui-module-bundle> no configure script, doing nothing
logos-blockchain_ui-module-bundle> Running phase: buildPhase
logos-blockchain_ui-module-bundle> Phase 1: Copying executables and libraries...
logos-blockchain_ui-module-bundle> Phase 2: Tracing shared library dependencies...
logos-blockchain_ui-module-bundle>   Skipping (host-provided): libQt6Gui.so.6
logos-blockchain_ui-module-bundle>   Skipping (host-provided): libQt6RemoteObjects.so.6
logos-blockchain_ui-module-bundle>   Skipping (host-provided): libQt6Network.so.6
logos-blockchain_ui-module-bundle>   libboost_system.so.1.87.0
logos-blockchain_ui-module-bundle>   Skipping (system): librt.so.1
logos-blockchain_ui-module-bundle>   Skipping (system): libstdc++.so.6
logos-blockchain_ui-module-bundle>   Skipping (system): libm.so.6
logos-blockchain_ui-module-bundle>   Skipping (system): libgcc_s.so.1
logos-blockchain_ui-module-bundle>   Skipping (system): libpthread.so.0
logos-blockchain_ui-module-bundle>   Skipping (system): libc.so.6
logos-blockchain_ui-module-bundle>   libssl.so.3
logos-blockchain_ui-module-bundle>   libcrypto.so.3
logos-blockchain_ui-module-bundle>   Skipping (system): libdl.so.2
logos-blockchain_ui-module-bundle>   Skipping (system): libGLX.so.0
logos-blockchain_ui-module-bundle>   Skipping (system): libOpenGL.so.0
logos-blockchain_ui-module-bundle>   Skipping (host-provided): libQt6Core.so.6
logos-blockchain_ui-module-bundle>   Skipping (system): ld-linux-x86-64.so.2
logos-blockchain_ui-module-bundle>   Skipping (host-provided): libQt6Qml.so.6
logos-blockchain_ui-module-bundle> Phase 3: Rewriting dynamic linking references...
logos-blockchain_ui-module-bundle>   lib/libboost_system.so.1.87.0
logos-blockchain_ui-module-bundle>   lib/blockchain_ui_replica_factory.so
logos-blockchain_ui-module-bundle>   lib/blockchain_ui_plugin.so
logos-blockchain_ui-module-bundle>   lib/libssl.so.3
logos-blockchain_ui-module-bundle>   lib/libcrypto.so.3
logos-blockchain_ui-module-bundle> Phase 5: Rewriting shebangs...
logos-blockchain_ui-module-bundle> Phase 6: Verifying portability...
logos-blockchain_ui-module-bundle>   Checking for embedded /nix/ paths...
logos-blockchain_ui-module-bundle>   WARNING: lib/blockchain_ui_plugin.so contains 28 embedded /nix/ reference(s) in binary data
logos-blockchain_ui-module-bundle>     /nix/store/20CCK0R5DVH21C4W7WY8J3F7CC6WB5K2-boost-1.87.0-dev/include/boost/asio/basic_socket_acceptor.hpp
logos-blockchain_ui-module-bundle>     /nix/store/20CCK0R5DVH21C4W7WY8J3F7CC6WB5K2-boost-1.87.0-dev/include/boost/asio/detail/impl/epoll_reactor.ipp
logos-blockchain_ui-module-bundle>     /nix/store/20CCK0R5DVH21C4W7WY8J3F7CC6WB5K2-boost-1.87.0-dev/include/boost/asio/detail/impl/eventfd_select_interrupter.ipp
logos-blockchain_ui-module-bundle>     /nix/store/20CCK0R5DVH21C4W7WY8J3F7CC6WB5K2-boost-1.87.0-dev/include/boost/asio/detail/impl/posix_event.ipp
logos-blockchain_ui-module-bundle>     /nix/store/20CCK0R5DVH21C4W7WY8J3F7CC6WB5K2-boost-1.87.0-dev/include/boost/asio/detail/impl/posix_mutex.ipp
logos-blockchain_ui-module-bundle>     /nix/store/20CCK0R5DVH21C4W7WY8J3F7CC6WB5K2-boost-1.87.0-dev/include/boost/asio/detail/impl/posix_thread.ipp
logos-blockchain_ui-module-bundle>     /nix/store/20CCK0R5DVH21C4W7WY8J3F7CC6WB5K2-boost-1.87.0-dev/include/boost/asio/detail/posix_event.hpp
logos-blockchain_ui-module-bundle>     /nix/store/20CCK0R5DVH21C4W7WY8J3F7CC6WB5K2-boost-1.87.0-dev/include/boost/asio/detail/reactive_socket_accept_op.hpp
logos-blockchain_ui-module-bundle>     /nix/store/20CCK0R5DVH21C4W7WY8J3F7CC6WB5K2-boost-1.87.0-dev/include/boost/asio/detail/reactive_socket_recv_op.hpp
logos-blockchain_ui-module-bundle>     /nix/store/20CCK0R5DVH21C4W7WY8J3F7CC6WB5K2-boost-1.87.0-dev/include/boost/asio/detail/reactive_socket_send_op.hpp
logos-blockchain_ui-module-bundle>     /nix/store/20CCK0R5DVH21C4W7WY8J3F7CC6WB5K2-boost-1.87.0-dev/include/boost/asio/detail/reactive_socket_service.hpp
logos-blockchain_ui-module-bundle>     /nix/store/20CCK0R5DVH21C4W7WY8J3F7CC6WB5K2-boost-1.87.0-dev/include/boost/asio/detail/resolver_service.hpp
logos-blockchain_ui-module-bundle>     /nix/store/20CCK0R5DVH21C4W7WY8J3F7CC6WB5K2-boost-1.87.0-dev/include/boost/asio/impl/connect.hpp
logos-blockchain_ui-module-bundle>     /nix/store/20CCK0R5DVH21C4W7WY8J3F7CC6WB5K2-boost-1.87.0-dev/include/boost/asio/impl/io_context.ipp
logos-blockchain_ui-module-bundle>     /nix/store/20CCK0R5DVH21C4W7WY8J3F7CC6WB5K2-boost-1.87.0-dev/include/boost/asio/ip/basic_resolver.hpp
logos-blockchain_ui-module-bundle>     /nix/store/20CCK0R5DVH21C4W7WY8J3F7CC6WB5K2-boost-1.87.0-dev/include/boost/asio/ip/detail/impl/endpoint.ipp
logos-blockchain_ui-module-bundle>     /nix/store/20CCK0R5DVH21C4W7WY8J3F7CC6WB5K2-boost-1.87.0-dev/include/boost/asio/ssl/detail/impl/engine.ipp
logos-blockchain_ui-module-bundle>     /nix/store/20CCK0R5DVH21C4W7WY8J3F7CC6WB5K2-boost-1.87.0-dev/include/boost/asio/ssl/impl/context.ipp
logos-blockchain_ui-module-bundle>     /nix/store/20CCK0R5DVH21C4W7WY8J3F7CC6WB5K2-boost-1.87.0-dev/include/boost/asio/ssl/impl/host_name_verification.ipp
logos-blockchain_ui-module-bundle>     /nix/store/20CCK0R5DVH21C4W7WY8J3F7CC6WB5K2-boost-1.87.0-dev/include/boost/asio/ssl/stream.hpp
logos-blockchain_ui-module-bundle>     /nix/store/R82WGGRHGS0V2KKP0F2G9JPLC4MFH2GQ-nlohmann_json-3.11.3/include/nlohmann/detail/conversions/to_chars.hpp
logos-blockchain_ui-module-bundle>     /nix/store/R82WGGRHGS0V2KKP0F2G9JPLC4MFH2GQ-nlohmann_json-3.11.3/include/nlohmann/detail/input/binary_reader.hpp
logos-blockchain_ui-module-bundle>     /nix/store/R82WGGRHGS0V2KKP0F2G9JPLC4MFH2GQ-nlohmann_json-3.11.3/include/nlohmann/detail/input/json_sax.hpp
logos-blockchain_ui-module-bundle>     /nix/store/R82WGGRHGS0V2KKP0F2G9JPLC4MFH2GQ-nlohmann_json-3.11.3/include/nlohmann/detail/input/lexer.hpp
logos-blockchain_ui-module-bundle>     /nix/store/R82WGGRHGS0V2KKP0F2G9JPLC4MFH2GQ-nlohmann_json-3.11.3/include/nlohmann/detail/iterators/iter_impl.hpp
logos-blockchain_ui-module-bundle>     /nix/store/R82WGGRHGS0V2KKP0F2G9JPLC4MFH2GQ-nlohmann_json-3.11.3/include/nlohmann/detail/output/binary_writer.hpp
logos-blockchain_ui-module-bundle>     /nix/store/R82WGGRHGS0V2KKP0F2G9JPLC4MFH2GQ-nlohmann_json-3.11.3/include/nlohmann/detail/output/serializer.hpp
logos-blockchain_ui-module-bundle>     /nix/store/R82WGGRHGS0V2KKP0F2G9JPLC4MFH2GQ-nlohmann_json-3.11.3/include/nlohmann/json.hpp
logos-blockchain_ui-module-bundle>   WARNING: lib/libcrypto.so.3 contains 9 embedded /nix/ reference(s) in binary data
logos-blockchain_ui-module-bundle>     /nix/store/gi615r79j260ihhzdkhrg6qva9wfrbyy-openssl-3.5.1/etc/ssl
logos-blockchain_ui-module-bundle>     /nix/store/gi615r79j260ihhzdkhrg6qva9wfrbyy-openssl-3.5.1/etc/ssl/certs
logos-blockchain_ui-module-bundle>     /nix/store/gi615r79j260ihhzdkhrg6qva9wfrbyy-openssl-3.5.1/etc/ssl/ct_log_list.cnf
logos-blockchain_ui-module-bundle>     /nix/store/gi615r79j260ihhzdkhrg6qva9wfrbyy-openssl-3.5.1/etc/ssl/private
logos-blockchain_ui-module-bundle>     /nix/store/gi615r79j260ihhzdkhrg6qva9wfrbyy-openssl-3.5.1/lib/engines-3
logos-blockchain_ui-module-bundle>     /nix/store/gi615r79j260ihhzdkhrg6qva9wfrbyy-openssl-3.5.1/lib/ossl-modules
logos-blockchain_ui-module-bundle>     ENGINESDIR: "/nix/store/gi615r79j260ihhzdkhrg6qva9wfrbyy-openssl-3.5.1/lib/engines-3"
logos-blockchain_ui-module-bundle>     MODULESDIR: "/nix/store/gi615r79j260ihhzdkhrg6qva9wfrbyy-openssl-3.5.1/lib/ossl-modules"
logos-blockchain_ui-module-bundle>     OPENSSLDIR: "/nix/store/gi615r79j260ihhzdkhrg6qva9wfrbyy-openssl-3.5.1/etc/ssl"
logos-blockchain_ui-module-bundle>   All references are portable.
logos-blockchain_ui-module-bundle> Done!
logos-blockchain_ui-module-bundle> Running phase: installPhase
building '/nix/store/77ns9nijam4782zvyrjvhknf8sfa1sqn-logos-blockchain_ui-module-lgx-0.2.0.drv'...
logos-blockchain_ui-module-lgx> Running phase: patchPhase
logos-blockchain_ui-module-lgx> Running phase: updateAutotoolsGnuConfigScriptsPhase
logos-blockchain_ui-module-lgx> Running phase: configurePhase
logos-blockchain_ui-module-lgx> no configure script, doing nothing
logos-blockchain_ui-module-lgx> Running phase: buildPhase
logos-blockchain_ui-module-lgx> Created package: logos-blockchain_ui-module.lgx
logos-blockchain_ui-module-lgx> Patching manifest from metadata...
logos-blockchain_ui-module-lgx> Bundled icon: blockchain.png
logos-blockchain_ui-module-lgx> Adding variant linux-amd64 to logos-blockchain_ui-module.lgx (main: blockchain_ui_plugin.so)...
logos-blockchain_ui-module-lgx> Added variant 'linux-amd64' to logos-blockchain_ui-module.lgx
logos-blockchain_ui-module-lgx> Done: logos-blockchain_ui-module.lgx
logos-blockchain_ui-module-lgx> Running phase: installPhase
